.next/dev/types/validator.ts(69,39): error TS2306: File 'D:/Hackathon time/AR-sticker/frontend/src/app/upload-creation/page.tsx' is not a module.
.next/types/validator.ts(69,39): error TS2306: File 'D:/Hackathon time/AR-sticker/frontend/src/app/upload-creation/page.tsx' is not a module.
src/app/ar-experience/components/ARViewerClient.tsx(6,18): error TS2306: File 'D:/Hackathon time/AR-sticker/frontend/src/components/ui/AppIcon.tsx' is not a module.
src/app/ar-experience/page.tsx(7,14): error TS2741: Property 'stickerId' is missing in type '{}' but required in type 'ARViewerClientProps'.
src/app/ar-scanner/components/ARScannerClient.tsx(7,18): error TS2306: File 'D:/Hackathon time/AR-sticker/frontend/src/components/ui/AppIcon.tsx' is not a module.
src/app/upload-creation/components/SuccessBar.tsx(4,18): error TS2306: File 'D:/Hackathon time/AR-sticker/frontend/src/components/ui/AppIcon.tsx' is not a module.
src/app/upload-creation/components/UploadCreationClient.tsx(4,22): error TS2306: File 'D:/Hackathon time/AR-sticker/frontend/src/app/upload-creation/components/DropZone.tsx' is not a module.
src/app/upload-creation/components/UploadCreationClient.tsx(5,26): error TS2306: File 'D:/Hackathon time/AR-sticker/frontend/src/app/upload-creation/components/OptionsPanel.tsx' is not a module.
src/app/upload-creation/components/UploadCreationClient.tsx(6,25): error TS2306: File 'D:/Hackathon time/AR-sticker/frontend/src/app/upload-creation/components/ProgressBar.tsx' is not a module.
src/app/upload-creation/components/UploadCreationClient.tsx(7,26): error TS2307: Cannot find module './SuccessPanel' or its corresponding type declarations.
src/app/upload-creation/components/UploadCreationClient.tsx(8,18): error TS2306: File 'D:/Hackathon time/AR-sticker/frontend/src/components/ui/AppIcon.tsx' is not a module.
src/app/upload-creation/components/UploadCreationClient.tsx(59,56): error TS7006: Parameter 'o' implicitly has an 'any' type.
